// Jest Snapshot v1, https://goo.gl/fbAQLP

exports[`mapping http client requests 1`] = `
{
  "classMap": [
    {
      "children": [
        {
          "children": [
            {
              "location": "./index.ts:18",
              "name": "makeRequests",
              "static": true,
              "type": "function",
            },
          ],
          "name": "index",
          "type": "class",
        },
      ],
      "name": "index",
      "type": "package",
    },
  ],
  "eventUpdates": {
    "2": {
      "elapsed": 31.337,
      "event": "return",
      "id": 2,
      "parent_id": 1,
      "return_value": {
        "class": "Promise",
        "object_id": 1,
        "value": "Promise { undefined }",
      },
      "thread_id": 0,
    },
  },
  "events": [
    {
      "defined_class": "",
      "event": "call",
      "id": 1,
      "lineno": 18,
      "method_id": "makeRequests",
      "parameters": [],
      "path": "./index.ts",
      "static": true,
      "thread_id": 0,
    },
    {
      "elapsed": 31.337,
      "event": "return",
      "id": 2,
      "parent_id": 1,
      "return_value": {
        "class": "Promise",
        "object_id": 1,
        "value": "Promise { <pending> }",
      },
      "thread_id": 0,
    },
    {
      "event": "call",
      "http_client_request": {
        "headers": {
          "host": "localhost:27628",
          "test-header": "This test header is added after ClientRequest creation",
        },
        "request_method": "GET",
        "url": "http://localhost:27628/endpoint/one",
      },
      "id": 3,
      "thread_id": 0,
    },
    {
      "elapsed": 31.337,
      "event": "return",
      "http_client_response": {
        "headers": {
          "transfer-encoding": "chunked",
        },
        "status_code": 200,
      },
      "id": 4,
      "parent_id": 3,
      "thread_id": 0,
    },
    {
      "event": "call",
      "http_client_request": {
        "headers": {
          "content-type": "application/json",
          "host": "localhost:27628",
        },
        "request_method": "POST",
        "url": "http://localhost:27628/endpoint/two",
      },
      "id": 5,
      "thread_id": 0,
    },
    {
      "elapsed": 31.337,
      "event": "return",
      "http_client_response": {
        "headers": {
          "content-type": "text/html",
          "transfer-encoding": "chunked",
        },
        "status_code": 404,
      },
      "id": 6,
      "parent_id": 5,
      "thread_id": 0,
    },
    {
      "event": "call",
      "http_client_request": {
        "headers": {
          "host": "localhost:27628",
        },
        "request_method": "GET",
        "url": "http://localhost:27628/endpoint/three",
      },
      "id": 7,
      "thread_id": 0,
    },
    {
      "elapsed": 31.337,
      "event": "return",
      "http_client_response": {
        "headers": {
          "content-type": "text/html",
          "transfer-encoding": "chunked",
        },
        "status_code": 404,
      },
      "id": 8,
      "parent_id": 7,
      "thread_id": 0,
    },
  ],
  "metadata": {
    "app": "appmap-node",
    "client": {
      "name": "appmap-node",
      "url": "https://github.com/getappmap/appmap-node",
      "version": "test node-appmap version",
    },
    "language": {
      "engine": "Node.js",
      "name": "javascript",
      "version": "test node version",
    },
    "name": "test process recording",
    "recorder": {
      "name": "process",
      "type": "process",
    },
  },
  "version": "1.12",
}
`;
