// Jest Snapshot v1, https://goo.gl/fbAQLP

exports[`mapping Jest tests 1`] = `
{
  "./tmp/appmap/jest/exception_handling/intentionally_throws.appmap.json": {
    "classMap": [
      {
        "children": [
          {
            "children": [
              {
                "location": "test.js:18",
                "name": "errorOut",
                "static": true,
                "type": "function",
              },
            ],
            "name": "test",
            "type": "class",
          },
        ],
        "name": "test",
        "type": "package",
      },
    ],
    "events": [
      {
        "defined_class": "test",
        "event": "call",
        "id": 1,
        "lineno": 18,
        "method_id": "errorOut",
        "parameters": [],
        "path": "test.js",
        "static": true,
        "thread_id": 0,
      },
      {
        "elapsed": 31.337,
        "event": "return",
        "exceptions": [
          {
            "class": "TestError",
            "message": "test error",
            "object_id": 2,
          },
        ],
        "id": 2,
        "parent_id": 1,
        "thread_id": 0,
      },
    ],
    "metadata": {
      "app": "jest-appmap-node-test",
      "client": {
        "name": "appmap-node",
        "url": "https://github.com/getappmap/appmap-node",
        "version": "test node-appmap version",
      },
      "exception": {
        "class": "TestError",
        "message": "test error",
      },
      "language": {
        "engine": "Node.js",
        "name": "javascript",
        "version": "test node version",
      },
      "name": "exception handling intentionally throws",
      "recorder": {
        "name": "jest",
        "type": "tests",
      },
      "test_status": "failed",
    },
    "version": "1.12",
  },
  "./tmp/appmap/jest/exception_handling/times_out.appmap.json": {
    "classMap": [
      {
        "children": [
          {
            "children": [
              {
                "location": "test.js:22",
                "name": "wait",
                "static": true,
                "type": "function",
              },
            ],
            "name": "test",
            "type": "class",
          },
        ],
        "name": "test",
        "type": "package",
      },
    ],
    "events": [
      {
        "defined_class": "test",
        "event": "call",
        "id": 1,
        "lineno": 22,
        "method_id": "wait",
        "parameters": [
          {
            "class": "Number",
            "name": "ms",
            "value": "20",
          },
        ],
        "path": "test.js",
        "static": true,
        "thread_id": 0,
      },
      {
        "elapsed": 31.337,
        "event": "return",
        "id": 2,
        "parent_id": 1,
        "return_value": {
          "class": "Promise",
          "object_id": 3,
          "value": "Promise { <pending> }",
        },
        "thread_id": 0,
      },
    ],
    "metadata": {
      "app": "jest-appmap-node-test",
      "client": {
        "name": "appmap-node",
        "url": "https://github.com/getappmap/appmap-node",
        "version": "test node-appmap version",
      },
      "exception": {
        "class": "String",
        "message": "Exceeded timeout of 10 ms for a test.
Add a timeout value to this test to increase the timeout, if this is a long-running test. See https://jestjs.io/docs/api#testname-fn-timeout.",
      },
      "language": {
        "engine": "Node.js",
        "name": "javascript",
        "version": "test node version",
      },
      "name": "exception handling times out",
      "recorder": {
        "name": "jest",
        "type": "tests",
      },
      "test_status": "failed",
    },
    "version": "1.12",
  },
  "./tmp/appmap/jest/sub/subtracts_numbers_correctly.appmap.json": {
    "classMap": [
      {
        "children": [
          {
            "children": [
              {
                "location": "calc.js:1",
                "name": "sum",
                "static": true,
                "type": "function",
              },
            ],
            "name": "calc",
            "type": "class",
          },
        ],
        "name": "calc",
        "type": "package",
      },
    ],
    "events": [
      {
        "defined_class": "calc",
        "event": "call",
        "id": 1,
        "lineno": 1,
        "method_id": "sum",
        "parameters": [
          {
            "class": "Number",
            "name": "x",
            "value": "1",
          },
          {
            "class": "Number",
            "name": "y",
            "value": "2",
          },
        ],
        "path": "calc.js",
        "static": true,
        "thread_id": 0,
      },
      {
        "elapsed": 31.337,
        "event": "return",
        "id": 2,
        "parent_id": 1,
        "return_value": {
          "class": "Number",
          "value": "3",
        },
        "thread_id": 0,
      },
    ],
    "metadata": {
      "app": "jest-appmap-node-test",
      "client": {
        "name": "appmap-node",
        "url": "https://github.com/getappmap/appmap-node",
        "version": "test node-appmap version",
      },
      "exception": {
        "class": "JestAssertionError",
        "message": "[2mexpect([22m[31mreceived[39m[2m).[22mtoBe[2m([22m[32mexpected[39m[2m) // Object.is equality[22m

Expected: [32m-1[39m
Received: [31m3[39m",
      },
      "language": {
        "engine": "Node.js",
        "name": "javascript",
        "version": "test node version",
      },
      "name": "sub subtracts numbers correctly",
      "recorder": {
        "name": "jest",
        "type": "tests",
      },
      "test_status": "failed",
    },
    "version": "1.12",
  },
  "./tmp/appmap/jest/sum/sums_numbers_correctly.appmap.json": {
    "classMap": [
      {
        "children": [
          {
            "children": [
              {
                "location": "calc.js:1",
                "name": "sum",
                "static": true,
                "type": "function",
              },
            ],
            "name": "calc",
            "type": "class",
          },
        ],
        "name": "calc",
        "type": "package",
      },
    ],
    "events": [
      {
        "defined_class": "calc",
        "event": "call",
        "id": 1,
        "lineno": 1,
        "method_id": "sum",
        "parameters": [
          {
            "class": "Number",
            "name": "x",
            "value": "1",
          },
          {
            "class": "Number",
            "name": "y",
            "value": "2",
          },
        ],
        "path": "calc.js",
        "static": true,
        "thread_id": 0,
      },
      {
        "elapsed": 31.337,
        "event": "return",
        "id": 2,
        "parent_id": 1,
        "return_value": {
          "class": "Number",
          "value": "3",
        },
        "thread_id": 0,
      },
    ],
    "metadata": {
      "app": "jest-appmap-node-test",
      "client": {
        "name": "appmap-node",
        "url": "https://github.com/getappmap/appmap-node",
        "version": "test node-appmap version",
      },
      "language": {
        "engine": "Node.js",
        "name": "javascript",
        "version": "test node version",
      },
      "name": "sum sums numbers correctly",
      "recorder": {
        "name": "jest",
        "type": "tests",
      },
      "test_status": "succeeded",
    },
    "version": "1.12",
  },
}
`;
