// Jest Snapshot v1, https://goo.gl/fbAQLP

exports[`mapping PostgreSQL tests 1`] = `
{
  "classMap": [
    {
      "children": [
        {
          "children": [
            {
              "location": "index.js:6",
              "name": "main",
              "static": true,
              "type": "function",
            },
          ],
          "name": "index",
          "type": "class",
        },
      ],
      "name": "postgresql-appmap-node-test",
      "type": "package",
    },
  ],
  "events": [
    {
      "defined_class": "index",
      "event": "call",
      "id": 1,
      "lineno": 6,
      "method_id": "main",
      "parameters": [],
      "path": "index.js",
      "static": true,
      "thread_id": 0,
    },
    {
      "event": "call",
      "id": 3,
      "sql_query": {
        "database_type": "postgres",
        "sql": "select * from pg_config where name = 'BINDIR'",
      },
      "thread_id": 0,
    },
    {
      "elapsed": 31.337,
      "event": "return",
      "id": 4,
      "parent_id": 3,
      "return_value": {
        "class": "Promise<Result>",
        "object_id": 2,
        "value": "Promise { Result {
  command: 'SELECT',
  rowCount: 1,
  oid: null,
  rows: [ [Object] ],
  fields: [ [Field], [Field] ],
  _parsers: [ [Function: noParse], [Function: noParse] ],
  _types: TypeOverrides { _types: [Object], text: {}, binary: {} },
  RowCtor: null,
  rowAsArray: false,
  _prebuiltEmptyResultObject: { name: null, setting: null }
} }",
      },
      "thread_id": 0,
    },
    {
      "event": "call",
      "id": 5,
      "sql_query": {
        "database_type": "postgres",
        "sql": "select * from pg_config where name = 'DOCDIR'",
      },
      "thread_id": 0,
    },
    {
      "elapsed": 31.337,
      "event": "return",
      "id": 6,
      "parent_id": 5,
      "thread_id": 0,
    },
    {
      "event": "call",
      "id": 7,
      "sql_query": {
        "database_type": "postgres",
        "sql": "select * from pg_config where name = $1",
      },
      "thread_id": 0,
    },
    {
      "elapsed": 31.337,
      "event": "return",
      "id": 8,
      "parent_id": 7,
      "return_value": {
        "class": "Promise<Result>",
        "object_id": 3,
        "value": "Promise { Result {
  command: 'SELECT',
  rowCount: 1,
  oid: null,
  rows: [ [Object] ],
  fields: [ [Field], [Field] ],
  _parsers: [ [Function: noParse], [Function: noParse] ],
  _types: TypeOverrides { _types: [Object], text: {}, binary: {} },
  RowCtor: null,
  rowAsArray: false,
  _prebuiltEmptyResultObject: { name: null, setting: null }
} }",
      },
      "thread_id": 0,
    },
    {
      "elapsed": 31.337,
      "event": "return",
      "id": 2,
      "parent_id": 1,
      "return_value": {
        "class": "Promise<undefined>",
        "object_id": 1,
        "value": "Promise { undefined }",
      },
      "thread_id": 0,
    },
  ],
  "metadata": {
    "app": "postgresql-appmap-node-test",
    "client": {
      "name": "appmap-node",
      "url": "https://github.com/getappmap/appmap-node",
      "version": "test node-appmap version",
    },
    "language": {
      "engine": "Node.js",
      "name": "javascript",
      "version": "test node version",
    },
    "name": "test process recording",
    "recorder": {
      "name": "process",
      "type": "process",
    },
  },
  "version": "1.12",
}
`;
