// Jest Snapshot v1, https://goo.gl/fbAQLP

exports[`mapping a simple script 1`] = `
{
  "classMap": [
    {
      "children": [
        {
          "children": [
            {
              "location": "./index.js:13",
              "name": "immediatePromise",
              "static": true,
              "type": "function",
            },
            {
              "location": "./index.js:4",
              "name": "foo",
              "static": true,
              "type": "function",
            },
            {
              "location": "./index.js:8",
              "name": "promised",
              "static": true,
              "type": "function",
            },
          ],
          "name": "",
          "type": "class",
        },
      ],
      "name": "index",
      "type": "package",
    },
  ],
  "eventUpdates": {
    "4": {
      "elapsed": 31.337,
      "event": "return",
      "id": 4,
      "parent_id": 3,
      "return_value": {
        "class": "Promise",
        "value": "Promise { 'promised return' }",
      },
      "thread_id": 0,
    },
  },
  "events": [
    {
      "defined_class": "",
      "event": "call",
      "id": 1,
      "lineno": 4,
      "method_id": "foo",
      "parameters": [
        {
          "class": "Number",
          "name": "x",
          "value": "42",
        },
      ],
      "path": "./index.js",
      "static": true,
      "thread_id": 0,
    },
    {
      "elapsed": 31.337,
      "event": "return",
      "id": 2,
      "parent_id": 1,
      "return_value": {
        "class": "Number",
        "value": "84",
      },
      "thread_id": 0,
    },
    {
      "defined_class": "",
      "event": "call",
      "id": 3,
      "lineno": 8,
      "method_id": "promised",
      "parameters": [],
      "path": "./index.js",
      "static": true,
      "thread_id": 0,
    },
    {
      "elapsed": 31.337,
      "event": "return",
      "id": 4,
      "parent_id": 3,
      "return_value": {
        "class": "Promise",
        "value": "Promise { <pending> }",
      },
      "thread_id": 0,
    },
    {
      "defined_class": "",
      "event": "call",
      "id": 5,
      "lineno": 13,
      "method_id": "immediatePromise",
      "parameters": [],
      "path": "./index.js",
      "static": true,
      "thread_id": 0,
    },
    {
      "elapsed": 31.337,
      "event": "return",
      "id": 6,
      "parent_id": 5,
      "return_value": {
        "class": "Promise",
        "value": "Promise { 'immediate' }",
      },
      "thread_id": 0,
    },
  ],
  "metadata": {
    "app": "appmap-node",
    "client": {
      "name": "appmap-node",
      "url": "https://github.com/getappmap/appmap-node",
      "version": "0.0.1",
    },
    "language": {
      "engine": "Node.js",
      "name": "ECMAScript",
      "version": "test node version",
    },
    "name": "test process recording",
    "recorder": {
      "name": "process",
      "type": "process",
    },
  },
  "version": "1.12",
}
`;
