// Jest Snapshot v1, https://goo.gl/fbAQLP

exports[`mapping a bundled script 1`] = `
{
  "classMap": [
    {
      "children": [
        {
          "children": [
            {
              "location": "original.mjs:3",
              "name": "foo",
              "static": true,
              "type": "function",
            },
          ],
          "name": "original",
          "type": "class",
        },
      ],
      "name": "appmap-node",
      "type": "package",
    },
  ],
  "events": [
    {
      "defined_class": "original",
      "event": "call",
      "id": 1,
      "lineno": 3,
      "method_id": "foo",
      "parameters": [
        {
          "class": "String",
          "name": "msg",
          "value": "'hello'",
        },
      ],
      "path": "original.mjs",
      "static": true,
      "thread_id": 0,
    },
    {
      "elapsed": 31.337,
      "event": "return",
      "id": 2,
      "parent_id": 1,
      "thread_id": 0,
    },
  ],
  "metadata": {
    "app": "appmap-node",
    "client": {
      "name": "appmap-node",
      "url": "https://github.com/getappmap/appmap-node",
      "version": "test node-appmap version",
    },
    "language": {
      "engine": "Node.js",
      "name": "javascript",
      "version": "test node version",
    },
    "name": "test process recording",
    "recorder": {
      "name": "process",
      "type": "process",
    },
  },
  "version": "1.12",
}
`;
