// Jest Snapshot v1, https://goo.gl/fbAQLP

exports[`transform generates a warning if code has unexpected structure 1`] = `
[
  "Unknown Jest version. AppMap instrumentation cannot be applied.
Please report the problem and Jest version at https://github.com/getappmap/appmap-agent-js/issues
",
  [AssertionError: null == true],
]
`;
